// Jest Snapshot v1, https://goo.gl/fbAQLP

exports[`renders Search 1`] = `
<div>
  <div
    class="input-group"
    style="background-color: white; align-items: center;"
  >
    <button
      aria-expanded="false"
      class="dropdown-toggle btn btn-outline-primary"
      type="button"
    >
      name
    </button>
    <div
      aria-labelledby=""
      class="dropdown-menu"
      x-placement="bottom-start"
    >
      <a
        class="dropdown-item"
        data-rr-ui-dropdown-item=""
        href="#"
        role="button"
        tabindex="0"
      >
        name
      </a>
      <a
        class="dropdown-item"
        data-rr-ui-dropdown-item=""
        href="#"
        role="button"
        tabindex="0"
      >
        branch
      </a>
      <a
        class="dropdown-item"
        data-rr-ui-dropdown-item=""
        href="#"
        role="button"
        tabindex="0"
      >
        category
      </a>
      <a
        class="dropdown-item"
        data-rr-ui-dropdown-item=""
        href="#"
        role="button"
        tabindex="0"
      >
        color
      </a>
    </div>
    <input
      aria-describedby="basic-addon3"
      class="form-control"
      placeholder="Search products based on category name, product name, price, branch..."
      value=""
    />
    <img
      class=""
      height="30"
      src="search.jpeg"
      width="30"
    />
  </div>
</div>
`;
